// Jest Snapshot v1, https://goo.gl/fbAQLP

exports[`should verify BlogHeaderSection Component snapshot 1`] = `
.c14 {
  position: absolute;
  display: -webkit-box;
  display: -webkit-flex;
  display: -ms-flexbox;
  display: flex;
  -webkit-align-items: center;
  -webkit-box-align: center;
  -ms-flex-align: center;
  align-items: center;
  -webkit-box-pack: center;
  -webkit-justify-content: center;
  -ms-flex-pack: center;
  justify-content: center;
  width: 100%;
  height: 189px;
}

.c14 h1 {
  position: relative;
  top: 1rem;
  font-size: 3.4rem;
  font-weight: normal;
  font-stretch: normal;
  line-height: 1.35;
  color: var(--white);
  text-align: center;
  -webkit-letter-spacing: 0.26px;
  -moz-letter-spacing: 0.26px;
  -ms-letter-spacing: 0.26px;
  letter-spacing: 0.26px;
}

.c4 {
  position: relative;
  display: block;
  width: 100%;
  height: 185px;
  margin-top: 5rem;
}

.c4 .bg-right-top {
  position: absolute;
  top: -12px;
  right: 0;
  width: 129px;
  height: 151px;
  background-image: linear-gradient(270deg,var(--white),var(--white-transparent) 99%);
  opacity: 0.1;
  -webkit-transform: skewY(10.1deg);
  -ms-transform: skewY(10.1deg);
  transform: skewY(10.1deg);
}

.c4 .bg-right-bottom-desktop {
  display: none;
}

.c4 .bg-left {
  position: absolute;
  top: -36px;
  z-index: -1;
  width: 100%;
  height: 190px;
  overflow: hidden;
  background-image: linear-gradient( 66deg, var(--wild-watermelon) 3%, var(--pink-rose) 47%, var(--wild-watermelon) 94% );
  -webkit-transform: skew(0deg,1.8deg);
  -ms-transform: skew(0deg,1.8deg);
  transform: skew(0deg,1.8deg);
  -webkit-transform-origin: bottom left;
  -ms-transform-origin: bottom left;
  transform-origin: bottom left;
}

.c4 .bg-left-bottom {
  position: absolute;
  right: 71px;
  bottom: 28px;
  z-index: -1;
  width: 100%;
  height: 186.4px;
  background-image: linear-gradient(to left,rgba(170,125,238,0) 8%,rgba(170,125,238,0.2) 91%);
  -webkit-transform: skewY(-5deg);
  -ms-transform: skewY(-5deg);
  transform: skewY(-5deg);
  -webkit-transform-origin: top right;
  -ms-transform-origin: top right;
  transform-origin: top right;
}

.c4 .bg-left-top {
  position: absolute;
  top: -55px;
  width: 107px;
  height: 119px;
  background-image: linear-gradient(270deg,hsla(0,0%,100%,0),var(--white) 98%);
  opacity: 0.1;
  -webkit-transform: skewY(-18deg);
  -ms-transform: skewY(-18deg);
  transform: skewY(-18deg);
  -webkit-transform-origin: top right;
  -ms-transform-origin: top right;
  transform-origin: top right;
}

.c3 {
  -webkit-text-decoration: none;
  text-decoration: none;
}

.c1 {
  --banner-color-stop1: var(--light-plum);
  --banner-color-stop2: var(--dusky-rose);
  --banner-color-stop3: var(--dusky-rose-two);
  --text-color: rgba(255,255,255,0.8);
  position: fixed;
  top: 0;
  left: 0;
  z-index: 3;
  display: block;
  width: 100%;
  height: 5rem;
  background-image: linear-gradient( to right, var(--banner-color-stop1) 0%, var(--banner-color-stop2) 50%, var(--banner-color-stop3) 99% );
}

.c1.blue {
  --banner-color-stop1: var(--dodger-blue);
  --banner-color-stop2: var(--dodger-blue-dark);
  --banner-color-stop3: var(--dodger-blue-light);
}

.c2 {
  display: -webkit-box;
  display: -webkit-flex;
  display: -ms-flexbox;
  display: flex;
  -webkit-align-items: center;
  -webkit-box-align: center;
  -ms-flex-align: center;
  align-items: center;
  -webkit-box-pack: center;
  -webkit-justify-content: center;
  -ms-flex-pack: center;
  justify-content: center;
  height: 100%;
  padding: 0.6rem 3rem;
}

.c2 p {
  padding: 0;
  margin: 0;
  font-family: 'ApercuBoldPro';
  font-size: 1.4rem;
  line-height: 1.58;
  color: var(--text-color);
  text-align: center;
}

.c2 p a {
  margin-left: 1.3rem;
  font-weight: bold;
  font-stretch: normal;
  color: var(--text-color);
  text-transform: uppercase;
  -webkit-text-decoration: underline;
  text-decoration: underline;
}

.c0 {
  display: block;
}

.c5 {
  position: absolute;
  z-index: 2;
  width: 100%;
  -webkit-transition: all 0.5s ease-in-out;
  transition: all 0.5s ease-in-out;
}

.c5.stick {
  position: fixed;
  background-color: var(--white);
  box-shadow: 0 8px 20px 0 var(--black-transparent-8);
  -webkit-transition: all 0.5s ease-in;
  transition: all 0.5s ease-in;
}

.c5.is-open {
  position: fixed;
  background-color: var(--white);
}

.c6 {
  display: initial;
}

.c6 .header {
  display: -webkit-box;
  display: -webkit-flex;
  display: -ms-flexbox;
  display: flex;
  -webkit-align-items: center;
  -webkit-box-align: center;
  -ms-flex-align: center;
  align-items: center;
  -webkit-box-pack: justify;
  -webkit-justify-content: space-between;
  -ms-flex-pack: justify;
  justify-content: space-between;
  padding: 2.1rem 1.5rem;
}

.c6 .content {
  display: none;
  width: 100%;
  height: 100%;
  opacity: 1;
  -webkit-animation-name: fadeInVisibility;
  animation-name: fadeInVisibility;
  -webkit-animation-duration: 0.5s;
  animation-duration: 0.5s;
  -webkit-animation-timing-function: ease-in;
  animation-timing-function: ease-in;
}

.c6 .content .button {
  display: -webkit-box;
  display: -webkit-flex;
  display: -ms-flexbox;
  display: flex;
  -webkit-align-items: center;
  -webkit-box-align: center;
  -ms-flex-align: center;
  align-items: center;
  -webkit-box-pack: center;
  -webkit-justify-content: center;
  -ms-flex-pack: center;
  justify-content: center;
  padding: 0.2rem 0 0.5rem 0;
}

.c6 .content .menu {
  height: calc(100vh - 123px);
  overflow: auto;
}

.c6 .content .navigation {
  padding: 2.4rem 3rem 0.2rem 3rem;
}

.c6 .content .navigation h2 {
  padding: 0;
  margin: 0 0 0.3rem 0;
  font-size: 1.5rem;
  font-weight: normal;
  font-stretch: normal;
  line-height: normal;
  color: var(--gull-grey);
  -webkit-letter-spacing: normal;
  -moz-letter-spacing: normal;
  -ms-letter-spacing: normal;
  letter-spacing: normal;
}

.c6 .content .navigation ul {
  padding: 0;
  margin: 0;
  list-style: none;
}

.c6 .content .navigation ul li {
  padding-top: 0.5rem;
  padding-bottom: 0.8rem;
}

.c6 .content .navigation ul li a {
  font-size: 1.7rem;
  color: var(--shuttle-grey);
  -webkit-text-decoration: none;
  text-decoration: none;
  outline: none;
  -webkit-transition: 0.2s ease;
  transition: 0.2s ease;
}

.c6 .content .navigation ul li a:hover {
  color: var(--fiord);
}

.c13 {
  display: none;
  grid-template-columns: 0.64fr auto 2fr auto;
  gap: 3rem;
  padding: 2.6rem 0 1.7rem;
}

.c13 div {
  -webkit-align-self: center;
  -ms-flex-item-align: center;
  align-self: center;
}

.c13 .menu-desktop {
  display: -webkit-box;
  display: -webkit-flex;
  display: -ms-flexbox;
  display: flex;
  padding: 0;
  margin: 0;
  list-style: none;
}

.c13 .menu-desktop > li + li {
  margin-left: 2.8rem;
}

.c8 {
  -webkit-text-decoration: none;
  text-decoration: none;
  cursor: pointer;
  outline: none;
}

.c11 {
  padding-bottom: 8rem;
  visibility: visible;
}

.c11 a {
  display: -webkit-box;
  display: -webkit-flex;
  display: -ms-flexbox;
  display: flex;
  -webkit-align-items: center;
  -webkit-box-align: center;
  -ms-flex-align: center;
  align-items: center;
  -webkit-box-pack: center;
  -webkit-justify-content: center;
  -ms-flex-pack: center;
  justify-content: center;
  font-size: 1.7rem;
  font-weight: bold;
  color: var(--wild-watermelon);
  -webkit-text-decoration: none;
  text-decoration: none;
  text-transform: uppercase;
  -webkit-letter-spacing: 1.02px;
  -moz-letter-spacing: 1.02px;
  -ms-letter-spacing: 1.02px;
  letter-spacing: 1.02px;
  outline: none;
}

.c11 a:hover,
.c11 a::selection {
  color: var(--wild-watermelon-light);
}

.c11 a img {
  margin-left: 0.6rem;
}

.c12 {
  width: 100%;
  height: 0.1rem;
  margin: 2.4rem 0 1.9rem 0;
  background-color: var(--athens-grey);
}

.c7 {
  box-sizing: border-box;
  padding-right: 1.6rem;
  padding-left: 1.6rem;
  margin-right: auto;
  margin-left: auto;
}

.c7::after,
.c7::before {
  display: table;
  content: ' ';
}

.c7::after {
  clear: both;
}

.c10 {
  --standard-box-shadow: 0 1px 4px 0 var(--black-transparent-8),0 4px 6px 0 rgba(92,92,92,0.12);
  --white-on-blue-hover-box-shadow: 0 8px 12px 0 rgba(233,253,216,0.02),0 3px 8px 0 rgba(92,92,92,0.12);
  --watermelon-on-white-box-shadow: 0 1px 4px 0 rgba(0,0,0,0.08),0 4px 6px 0 rgba(92,92,92,0.12);
  --watermelon-on-white-hover-box-shadow: 0 8px 12px 0 rgba(233,253,216,0.02), 0 3px 8px 0 var(--black-transparent-12);
  --white-on-watermelon-box-shadow: 0 1px 4px 0 rgba(0,0,0,0.08),0 4px 6px 0 rgba(92,92,92,0.12);
  --white-on-watermelon-hover-box-shadow: 0 8px 12px 0 rgba(233,253,216,0.02),0 3px 8px 0 rgba(0,0,0,0.12);
  display: inline-block;
  width: auto;
  max-width: 28.8rem;
  border-radius: 4px;
  box-shadow: var(--standard-box-shadow);
  font-weight: bold;
  -webkit-text-decoration: none;
  text-decoration: none;
  text-transform: uppercase;
  text-align: center;
  outline-style: none;
}

.c10.medium {
  font-size: 1.3rem;
  line-height: 1.23;
  -webkit-letter-spacing: 0.6px;
  -moz-letter-spacing: 0.6px;
  -ms-letter-spacing: 0.6px;
  letter-spacing: 0.6px;
  padding: 1.2rem 2rem;
}

.c10.large {
  font-size: 1.5rem;
  line-height: normal;
  -webkit-letter-spacing: 0.9px;
  -moz-letter-spacing: 0.9px;
  -ms-letter-spacing: 0.9px;
  letter-spacing: 0.9px;
  padding: 1.5rem 2rem;
}

.c10.white-on-blue {
  color: var(--white);
  background-color: var(--dodger-blue);
}

.c10.white-on-blue:hover,
.c10.white-on-blue::selection {
  background-color: var(--dodger-blue-light);
  box-shadow: var(--white-on-blue-hover-box-shadow);
}

.c10.white-on-watermelon {
  color: var(--white);
  background-color: var(--wild-watermelon);
  box-shadow: var(--white-on-watermelon-box-shadow);
}

.c10.white-on-watermelon:hover,
.c10.white-on-watermelon::selection {
  background-color: var(--wild-watermelon-light);
  box-shadow: var(--white-on-watermelon-hover-box-shadow);
}

.c10.watermelon-on-white {
  color: var(--wild-watermelon);
  background-color: var(--white);
  box-shadow: var(--watermelon-on-white-box-shadow);
}

.c10.watermelon-on-white:hover,
.c10.watermelon-on-white::selection {
  opacity: 0.95;
  box-shadow: var(--watermelon-on-white-hover-box-shadow);
}

.c9.icon-12 {
  width: 1.2rem;
  height: 1.2rem;
}

.c9.icon-16 {
  width: 1.6rem;
  height: 1.6rem;
}

.c9.icon-18 {
  width: 1.8rem;
  height: 1.8rem;
}

.c9.icon-24 {
  width: 2.4rem;
  height: 2.4rem;
}

.c9.icon-32 {
  width: 3.2rem;
  height: 3.2rem;
}

.c9.icon-128 {
  width: 12.8rem;
  height: 3.8rem;
}

.c17 {
  display: -webkit-box;
  display: -webkit-flex;
  display: -ms-flexbox;
  display: flex;
  -webkit-flex-direction: row;
  -ms-flex-direction: row;
  flex-direction: row;
  -webkit-box-pack: space-around;
  -webkit-justify-content: space-around;
  -ms-flex-pack: space-around;
  justify-content: space-around;
  -webkit-box-pack: space-around;
  -webkit-justify-content: space-around;
  -ms-flex-pack: space-around;
  justify-content: space-around;
}

.c17 .content {
  position: relative;
  display: -webkit-box;
  display: -webkit-flex;
  display: -ms-flexbox;
  display: flex;
  -webkit-box-pack: space-around;
  -webkit-justify-content: space-around;
  -ms-flex-pack: space-around;
  justify-content: space-around;
  width: 63%;
  height: 40px;
  margin: initial;
}

.c17 .line {
  display: block;
  width: 100%;
  height: 1px;
  margin-top: 2rem;
  background: linear-gradient( to right, rgba(155,168,187,0), rgba(155,168,187,0.3) 49%, rgba(155,168,187,0) );
}

.c24 {
  display: -webkit-box;
  display: -webkit-flex;
  display: -ms-flexbox;
  display: flex;
  -webkit-flex-direction: column;
  -ms-flex-direction: column;
  flex-direction: column;
  -webkit-box-pack: center;
  -webkit-justify-content: center;
  -ms-flex-pack: center;
  justify-content: center;
  -webkit-box-pack: center;
  -webkit-justify-content: center;
  -ms-flex-pack: center;
  justify-content: center;
}

.c24 .content {
  position: relative;
  display: -webkit-box;
  display: -webkit-flex;
  display: -ms-flexbox;
  display: flex;
  -webkit-box-pack: space-around;
  -webkit-justify-content: space-around;
  -ms-flex-pack: space-around;
  justify-content: space-around;
  width: 74%;
  height: 40px;
  margin: auto;
}

.c24 .line {
  display: block;
  width: 100%;
  height: 1px;
  margin-top: 2rem;
  background: linear-gradient( to right, rgba(155,168,187,0), rgba(155,168,187,0.3) 49%, rgba(155,168,187,0) );
}

.c16 {
  position: fixed;
  top: 30px;
  left: 0;
  z-index: 5;
  display: none;
  width: 100%;
  padding: 1.5rem 0;
  background-color: var(--white);
  box-shadow: 0 8px 12px 0 rgba(0,0,0,0.1);
  -webkit-transition: -webkit-transform 0.6s ease-in-out;
  -webkit-transition: transform 0.6s ease-in-out;
  transition: transform 0.6s ease-in-out;
  -webkit-transform: translateY(-130px);
  -ms-transform: translateY(-130px);
  transform: translateY(-130px);
  will-change: transform;
}

.c16.stick {
  -webkit-transform: translateY(0);
  -ms-transform: translateY(0);
  transform: translateY(0);
}

.c23 {
  display: none;
  -webkit-align-items: center;
  -webkit-box-align: center;
  -ms-flex-align: center;
  align-items: center;
  -webkit-box-pack: center;
  -webkit-justify-content: center;
  -ms-flex-pack: center;
  justify-content: center;
  width: 100%;
  height: 75px;
  padding: 1.5rem 13.2rem 0 13.2rem;
  background-color: var(--white);
}

.c22 {
  display: -webkit-box;
  display: -webkit-flex;
  display: -ms-flexbox;
  display: flex;
  -webkit-align-items: center;
  -webkit-box-align: center;
  -ms-flex-align: center;
  align-items: center;
  -webkit-box-pack: end;
  -webkit-justify-content: flex-end;
  -ms-flex-pack: end;
  justify-content: flex-end;
  width: 37%;
}

.c22 .log-in {
  margin-right: 3.2rem;
  font-size: 1.3rem;
  font-weight: bold;
  line-height: 1.23;
  color: var(--lynch);
  text-align: right;
  -webkit-text-decoration: none;
  text-decoration: none;
  text-transform: uppercase;
  -webkit-letter-spacing: 0.6px;
  -moz-letter-spacing: 0.6px;
  -ms-letter-spacing: 0.6px;
  letter-spacing: 0.6px;
}

.c18 {
  --menu-width: 97%;
  display: block;
  width: var(--menu-width);
  -webkit-animation: ScrollableCategoryMenuAnimation 0.8s forwards;
  animation: ScrollableCategoryMenuAnimation 0.8s forwards;
}

.c19 {
  z-index: 0;
  display: -webkit-box;
  display: -webkit-flex;
  display: -ms-flexbox;
  display: flex;
  width: 93%;
  height: 40px;
  margin-bottom: 0;
  overflow-x: scroll;
  -webkit-scrollbar-width: none;
  -moz-scrollbar-width: none;
  -ms-scrollbar-width: none;
  scrollbar-width: none;
  -webkit-overflow-scrolling: touch;
}

.c19::-webkit-scrollbar {
  display: none;
}

.c20 {
  display: -webkit-inline-box;
  display: -webkit-inline-flex;
  display: -ms-inline-flexbox;
  display: inline-flex;
  padding: 0.7rem 1.2rem 0.8rem;
  margin: 0 0.4rem;
  font-size: 1.8rem;
  text-align: center;
  -webkit-text-decoration: none;
  text-decoration: none;
  white-space: nowrap;
  cursor: pointer;
  background-color: var(--white);
  border: solid 1px var(--white);
  border-radius: 4px;
}

.c20:first-of-type {
  margin-left: 0;
}

.c20:first-of-type {
  margin-left: 0;
}

.c20 + a {
  margin: 0 0.4rem;
}

.c20 + div {
  margin: 0 0.4rem;
}

.c20.inactive {
  font-weight: normal;
  color: var(--lynch);
}

.c20.inactive:hover {
  color: var(--shuttle-grey);
  background-color: var(--athens-grey);
  border: solid 1px var(--athens-grey);
  border-radius: 4px;
}

.c20.active {
  font-weight: 500;
  color: var(--white);
  background-color: var(--lynch);
  border-radius: 4px;
  box-shadow: 2px 6px 20px 0 rgba(0,0,0,0.05);
}

.c21 {
  position: relative;
  display: -webkit-box;
  display: -webkit-flex;
  display: -ms-flexbox;
  display: flex;
  width: 10%;
  padding: 0.71rem 0;
  margin: 0 0 0 auto;
  -webkit-transition-duration: 1s;
  transition-duration: 1s;
  -webkit-transition-property: width;
  transition-property: width;
}

.c21.search-open {
  width: 100%;
}

.c21.search-open .search-input:active,
.c21.search-open .search-input:focus {
  caret-color: var(--wild-watermelon);
}

.c21.search-open .search-button {
  margin: 0 1.6rem 0 0;
}

.c21 .search-button {
  display: inline-block;
  padding: 0;
  vertical-align: middle;
  cursor: pointer;
  background-color: transparent;
  border: none;
  outline: none;
}

.c21 .search-button:focus {
  border: none;
  outline: none;
}

.c21 .search-button::after {
  position: absolute;
  top: -10px;
  width: 3rem;
  height: 5.6rem;
  content: '';
  background: linear-gradient(to right,var(--white),var(--white-opacity) 36%,var(--black-opacity));
}

.c21 .search-input {
  display: inline-block;
  display: none;
  width: 100%;
  padding: 0 1rem 0 0;
  margin: 0;
  font-size: 1.8rem;
  color: var(--fiord);
  vertical-align: middle;
  background: transparent;
  border: none;
  outline: none;
  caret-color: var(--fiord);
}

.c21 .search-input::-webkit-search-decoration,
.c21 .search-input::-webkit-search-cancel-button,
.c21 .search-input::-webkit-search-results-button,
.c21 .search-input::-webkit-search-results-decoration {
  display: none;
}

.c21 .search-input:placeholder {
  font-size: 1.8rem;
  color: rgba(89,104,124,0.8);
}

.c21 .close-button {
  padding: 0;
  cursor: pointer;
  background-color: transparent;
  border: none;
  outline: none;
  opacity: 1;
  -webkit-animation-name: fadeInOpacity;
  animation-name: fadeInOpacity;
  -webkit-animation-duration: 1s;
  animation-duration: 1s;
  -webkit-animation-timing-function: ease-in;
  animation-timing-function: ease-in;
}

.c26 .header {
  display: -webkit-box;
  display: -webkit-flex;
  display: -ms-flexbox;
  display: flex;
  -webkit-box-pack: end;
  -webkit-justify-content: flex-end;
  -ms-flex-pack: end;
  justify-content: flex-end;
  height: 22px;
  padding: 0 0.9rem;
  margin-bottom: 0.8rem;
}

.c26 .divider {
  width: 100%;
  height: 1px;
  background-image: linear-gradient( to right, rgba(155,168,187,0), rgba(155,168,187,0.3) 49%, rgba(155,168,187,0) );
}

.c25 {
  --menu-margin-top: 50px;
  position: fixed;
  top: var(--menu-margin-top);
  z-index: 5;
  display: block;
  width: 100%;
  padding: 2.3rem 0 2rem;
  background-color: var(--white);
  box-shadow: 0 8px 12px 0 rgba(0,0,0,0.1);
  -webkit-transition: -webkit-transform 0.6s ease-in-out;
  -webkit-transition: transform 0.6s ease-in-out;
  transition: transform 0.6s ease-in-out;
  -webkit-transform: translateY(-130px);
  -ms-transform: translateY(-130px);
  transform: translateY(-130px);
  will-change: transform;
}

.c29 {
  display: block;
  width: 100%;
  padding: 2.3rem 0 2rem;
}

.c29.stick {
  position: fixed;
  top: 50px;
  background-color: var(--white);
  box-shadow: 0 8px 12px 0 rgba(0,0,0,0.1);
  -webkit-transition: all 0.5s ease-in;
  transition: all 0.5s ease-in;
  -webkit-animation-name: topDown;
  animation-name: topDown;
  -webkit-animation-duration: 0.5s;
  animation-duration: 0.5s;
  -webkit-animation-timing-function: ease-in;
  animation-timing-function: ease-in;
  will-change: transform;
}

.c27 {
  display: -webkit-box;
  display: -webkit-flex;
  display: -ms-flexbox;
  display: flex;
  -webkit-align-items: center;
  -webkit-box-align: center;
  -ms-flex-align: center;
  align-items: center;
  -webkit-box-pack: justify;
  -webkit-justify-content: space-between;
  -ms-flex-pack: justify;
  justify-content: space-between;
  width: 100%;
  padding-right: 0.1rem;
  cursor: pointer;
  -webkit-animation: ContentAnimation 0.8s forwards;
  animation: ContentAnimation 0.8s forwards;
}

.c27 .title {
  max-width: 100%;
  overflow: hidden;
  font-size: 1.8rem;
  font-weight: normal;
  font-stretch: normal;
  line-height: normal;
  color: var(--lynch);
  text-overflow: ellipsis;
  -webkit-letter-spacing: normal;
  -moz-letter-spacing: normal;
  -ms-letter-spacing: normal;
  letter-spacing: normal;
  white-space: nowrap;
}

.c27 img {
  -webkit-transition: all 0.5s ease-in-out;
  transition: all 0.5s ease-in-out;
  -webkit-transform: rotate(0deg);
  -ms-transform: rotate(0deg);
  transform: rotate(0deg);
}

.c28 {
  position: relative;
  display: -webkit-box;
  display: -webkit-flex;
  display: -ms-flexbox;
  display: flex;
  width: 50px;
  -webkit-transition-duration: 1s;
  transition-duration: 1s;
  -webkit-transition-property: width;
  transition-property: width;
}

.c28.open {
  width: 100%;
}

.c28 button {
  position: relative;
  cursor: pointer;
  background-color: transparent;
  border: none;
  outline: none;
}

.c28 button:focus {
  border: none;
  outline: none;
}

.c28 .search-button {
  padding: 0 0 0 1.6rem;
  -webkit-transition: 0.4s ease-in-out;
  transition: 0.4s ease-in-out;
}

.c28 .close-button {
  position: absolute;
  top: 0;
  right: 0;
  opacity: 1;
  -webkit-animation-name: fadeInVisibility;
  animation-name: fadeInVisibility;
  -webkit-animation-duration: 1s;
  animation-duration: 1s;
  -webkit-animation-timing-function: ease-in;
  animation-timing-function: ease-in;
}

.c28 input[type='search'] {
  display: block;
  width: 80%;
  padding: 0 0 0 0.9rem;
  font-size: 1.8rem;
  color: var(--fiord);
  background-color: transparent;
  border: none;
  caret-color: var(--wild-watermelon);
}

.c28 input[type='search']::-webkit-search-decoration,
.c28 input[type='search']::-webkit-search-cancel-button,
.c28 input[type='search']::-webkit-search-results-button,
.c28 input[type='search']::-webkit-search-results-decoration {
  display: none;
}

.c28 input[type='search']:focus {
  border: none;
  outline: none;
}

@media (min-width:768px) {
  .c14 {
    height: 243px;
  }
}

@media (min-width:768px) {
  .c14 h1 {
    position: relative;
    margin: 0;
    font-size: 4.6rem;
    line-height: 1.17;
    -webkit-letter-spacing: 0.4px;
    -moz-letter-spacing: 0.4px;
    -ms-letter-spacing: 0.4px;
    letter-spacing: 0.4px;
  }
}

@media (min-width:768px) {
  .c4 {
    height: 225px;
    margin-top: 3rem;
  }
}

@media (min-width:768px) {
  .c4 .bg-right-top {
    right: 0;
    width: 52%;
    height: 142px;
    -webkit-transform: skewY(2.4deg);
    -ms-transform: skewY(2.4deg);
    transform: skewY(2.4deg);
  }
}

@media (min-width:768px) {
  .c4 .bg-right-bottom-desktop {
    position: absolute;
    right: 0;
    bottom: -46px;
    display: initial;
    width: 90%;
    height: 63px;
    background-image: linear-gradient(to bottom,var(--wild-watermelon) 81%,rgba(233,49,78,0) 18%);
    -webkit-transform: skewY(-3.9deg);
    -ms-transform: skewY(-3.9deg);
    transform: skewY(-3.9deg);
  }
}

@media (min-width:768px) {
  .c4 .bg-left {
    top: -70%;
    height: 158.2%;
    background-image: linear-gradient( 82deg, var(--wild-watermelon) 2%, var(--pink-rose) 47%, var(--wild-watermelon) 95% );
    -webkit-transform: skew(0deg,1.8deg);
    -ms-transform: skew(0deg,1.8deg);
    transform: skew(0deg,1.8deg);
    -webkit-transform-origin: bottom left;
    -ms-transform-origin: bottom left;
    transform-origin: bottom left;
  }
}

@media (min-width:576px) {
  .c4 .bg-left-bottom {
    right: 94px;
    bottom: 49.6px;
  }
}

@media (min-width:768px) {
  .c4 .bg-left-bottom {
    right: 176px;
    bottom: 9.6px;
    height: 50%;
    -webkit-transform: skewY(-2deg);
    -ms-transform: skewY(-2deg);
    transform: skewY(-2deg);
    -webkit-transform-origin: center;
    -ms-transform-origin: center;
    transform-origin: center;
  }
}

@media (min-width:768px) {
  .c4 .bg-left-top {
    display: initial;
    width: 33.5%;
    height: 99px;
    background-image: linear-gradient(to left,var(--white-transparent),var(--white) 50%);
    -webkit-transform: skewY(-3.5deg);
    -ms-transform: skewY(-3.5deg);
    transform: skewY(-3.5deg);
  }
}

@media (min-width:768px) {
  .c1 {
    height: 3rem;
  }
}

@media (min-width:768px) {
  .c2 p {
    font-size: 1.5rem;
    line-height: normal;
  }
}

@media (min-width:768px) {
  .c2 p a {
    margin-left: 2rem;
    color: var(--white);
  }
}

@media (min-width:992px) {
  .c15 {
    padding-top: 4rem;
  }
}

@media (min-width:992px) {
  .c6 {
    display: none;
  }
}

@media (min-width:992px) {
  .c13 {
    display: grid;
  }
}

@media (min-width:992px) {
  .c11 {
    justify-self: end;
    padding-right: 0.3rem;
    padding-bottom: 0;
  }
}

@media (min-width:992px) {
  .c11 a {
    font-size: 1.3rem;
    line-height: 1.23;
    color: var(--white);
    -webkit-letter-spacing: 0.6px;
    -moz-letter-spacing: 0.6px;
    -ms-letter-spacing: 0.6px;
    letter-spacing: 0.6px;
    -webkit-transition: color 0.5s ease-in;
    transition: color 0.5s ease-in;
  }
}

@media (min-width:992px) {
  .c11 a:hover,
  .c11 a::selection {
    color: var(--white);
    opacity: 0.5;
  }
}

@media (min-width:768px) {
  .c7 {
    width: 750px;
  }
}

@media (min-width:992px) {
  .c7 {
    width: 970px;
  }
}

@media (min-width:1200px) {
  .c7 {
    width: 1170px;
  }
}

@media (min-width:992px) {
  .c16 {
    display: block;
  }
}

@media (min-width:992px) {
  .c23 {
    display: -webkit-box;
    display: -webkit-flex;
    display: -ms-flexbox;
    display: flex;
  }
}

@media not all and (min-resolution:0.001dpcm) {

}

@media (min-width:768px) {
  .c25 {
    --menu-margin-top: 30px;
  }
}

@media (min-width:992px) {
  .c25 {
    display: none;
  }
}

@media (min-width:992px) {
  .c29 {
    display: none;
  }
}

<div
  className="c0"
>
  <div
    className="c1 red"
  >
    <div
      className="c2"
    >
      <p>
        <span />
        <a
          className="c3"
          href="https://quantic.edu/candidates/signup"
          target="_blank"
        >
          Apply now
        </a>
      </p>
    </div>
  </div>
  <header
    className="c4"
  >
    <div>
      <div
        className="c5  "
      >
        <div
          className="c6"
        >
          <div
            className="c7"
          >
            <div
              className="header"
            >
              <div>
                <a
                  href="/"
                >
                  <img
                    alt="Quantic"
                    src="test-file-stub"
                  />
                </a>
              </div>
              <div>
                <a
                  className="c8"
                  onClick={[Function]}
                >
                  <img
                    alt="menu"
                    className="c9 icon-24"
                    src="test-file-stub"
                  />
                </a>
              </div>
            </div>
          </div>
          <section
            className="content"
          >
            <div
              className="button"
            >
              <a
                className="c3 c10 white-on-watermelon large"
                href="https://quantic.edu/candidates/signup"
                target="_blank"
              >
                SIGN UP - IT’S FREE
              </a>
            </div>
            <div
              className="menu"
            >
              <nav
                className="navigation"
              />
              <div
                className="c11"
              >
                <div
                  className="c12"
                />
                <div>
                  <a
                    href="https://quantic.edu/sign-in"
                  >
                    <span>
                      Log In
                    </span>
                    <img
                      alt="rightArrowPink"
                      className="c9 icon-16"
                      src="test-file-stub"
                    />
                  </a>
                </div>
              </div>
            </div>
          </section>
        </div>
        <div
          className="c7"
        >
          <div
            className="c13"
          >
            <div>
              <a
                href="/"
              >
                <img
                  alt="Quantic"
                  src="test-file-stub"
                />
              </a>
            </div>
            <div>
              <ul
                className="menu-desktop"
              />
            </div>
            <div
              className="c11"
            >
              <a
                href="https://quantic.edu/sign-in"
              >
                <span>
                  Log In
                </span>
              </a>
            </div>
            <div>
              <a
                className="c3 c10 watermelon-on-white medium"
                href="https://quantic.edu/candidates/signup"
                target="_blank"
              >
                SIGN UP - IT’S FREE
              </a>
            </div>
          </div>
        </div>
      </div>
    </div>
    <div
      className="bg-left-bottom"
    />
    <div
      className="bg-left"
    >
      <span
        className="bg-right-bottom-desktop"
      />
    </div>
    <div
      className="bg-right-top"
    />
    <div
      className="bg-left-top"
    />
    <div
      className="c14"
    >
      <h1>
        Quantic Blog
      </h1>
    </div>
  </header>
  <div
    className="c15"
  >
    <div>
      <div
        className="c16"
      >
        <div
          className="c7 c17"
        >
          <div
            className="content"
          >
            <div
              className="c18"
            >
              <div
                className="c19"
              >
                <a
                  className="c20 active"
                  href="/"
                >
                  
                </a>
              </div>
            </div>
            <div
              className="c21"
            >
              <input
                className="search-input"
                onBlur={[Function]}
                onChange={[Function]}
                onFocus={[Function]}
                onKeyDown={[Function]}
                placeholder="Search here"
                type="search"
                value=""
              />
            </div>
          </div>
          <div
            className="c22"
          >
            <a
              className="c3 log-in"
              href="https://quantic.edu/sign-in"
              target="_blank"
            >
              Log In
            </a>
            <a
              className="c3 c10 white-on-watermelon medium"
              href="https://quantic.edu/candidates/signup"
              target="_blank"
            >
              SIGN UP - IT’S FREE
            </a>
          </div>
        </div>
      </div>
      <div
        className="c23"
      >
        <div
          className="c7 c24"
        >
          <div
            className="content"
          >
            <div
              className="c18"
            >
              <div
                className="c19"
              >
                <a
                  className="c20 active"
                  href="/"
                >
                  
                </a>
              </div>
            </div>
            <div
              className="c21"
            >
              <input
                className="search-input"
                onBlur={[Function]}
                onChange={[Function]}
                onFocus={[Function]}
                onKeyDown={[Function]}
                placeholder="Search here"
                type="search"
                value=""
              />
            </div>
          </div>
          <span
            className="line"
          />
        </div>
      </div>
    </div>
    <div>
      <div
        className="c25"
      >
        <div
          className="c7 c26"
        >
          <div>
            <div
              className="header"
            >
              <div
                className="c27"
                onClick={[Function]}
              >
                <div
                  className="title"
                >
                  Select Category
                </div>
                <img
                  alt="downChevron"
                  className="c9 icon-16"
                  src="test-file-stub"
                />
              </div>
              <div
                className="c28"
              >
                <button
                  aria-label="search button"
                  className="search-button"
                  data-testid="search-button"
                  onClick={[Function]}
                  type="button"
                >
                  <img
                    alt="search"
                    className="c9 icon-24"
                    src="test-file-stub"
                  />
                </button>
              </div>
            </div>
            <div
              className="divider"
            />
          </div>
        </div>
      </div>
      <div
        className="c29"
      >
        <div
          className="c7 c26"
        >
          <div>
            <div
              className="header"
            >
              <div
                className="c27"
                onClick={[Function]}
              >
                <div
                  className="title"
                >
                  Select Category
                </div>
                <img
                  alt="downChevron"
                  className="c9 icon-16"
                  src="test-file-stub"
                />
              </div>
              <div
                className="c28"
              >
                <button
                  aria-label="search button"
                  className="search-button"
                  data-testid="search-button"
                  onClick={[Function]}
                  type="button"
                >
                  <img
                    alt="search"
                    className="c9 icon-24"
                    src="test-file-stub"
                  />
                </button>
              </div>
            </div>
            <div
              className="divider"
            />
          </div>
        </div>
      </div>
    </div>
  </div>
</div>
`;
